{
  "$schema": "https://gitlab.com/gitlab-org/security-products/security-report-schemas/-/blob/master/dist/sast-report-format.json",
  "version": "14.1.2",
  "vulnerabilities": [
    {
      "category": "secret_detection",
      "commit": {
        "date": "1970-01-01T00:00:00Z",
        "sha": "0000000"
      },
      "confidence": "High",
      "cve": "",
      "id": "30b0accd52fb52b0995bf1a7f094320f",
      "identifiers": [
        {
          "name": "Semgrep - rules.eqeq-is-bad",
          "type": "semgrep_type",
          "url": "https://semgrep.dev/r/rules.eqeq-is-bad",
          "value": "rules.eqeq-is-bad"
        }
      ],
      "location": {
        "end_line": 3,
        "file": "targets/basic/stupid.py",
        "start_line": 3
      },
      "message": "useless comparison operation `a + b == a + b` or `a + b != a + b`; possible bug?",
      "raw_source_code_extract": [
        "    return a + b == a + b\n"
      ],
      "scanner": {
        "id": "semgrep",
        "name": "Semgrep",
        "vendor": {
          "name": "Semgrep"
        }
      },
      "severity": "High"
    }
  ]
}